> Task :ai:checkKotlinGradlePluginConfigurationErrors SKIPPED
> Task :ai:preBuild UP-TO-DATE
> Task :ai:preDebugBuild UP-TO-DATE
> Task :ai:generateDebugResValues UP-TO-DATE
> Task :ai:generateDebugResources UP-TO-DATE
> Task :ai:packageDebugResources UP-TO-DATE
> Task :ai:processDebugNavigationResources UP-TO-DATE
> Task :ai:parseDebugLocalResources UP-TO-DATE
> Task :ai:generateDebugRFile UP-TO-DATE
> Task :common:checkKotlinGradlePluginConfigurationErrors SKIPPED
> Task :common:preBuild UP-TO-DATE
> Task :common:preDebugBuild UP-TO-DATE
> Task :common:generateDebugResValues UP-TO-DATE
> Task :common:generateDebugResources UP-TO-DATE
> Task :common:packageDebugResources UP-TO-DATE
> Task :common:processDebugNavigationResources UP-TO-DATE
> Task :common:parseDebugLocalResources UP-TO-DATE
> Task :common:generateDebugRFile UP-TO-DATE
> Task :common:compileDebugKotlin UP-TO-DATE
> Task :common:javaPreCompileDebug UP-TO-DATE
> Task :common:compileDebugJavaWithJavac NO-SOURCE
> Task :common:bundleLibCompileToJarDebug UP-TO-DATE
> Task :ai:compileDebugKotlin UP-TO-DATE
> Task :ai:javaPreCompileDebug UP-TO-DATE
> Task :ai:compileDebugJavaWithJavac NO-SOURCE
> Task :ai:bundleLibCompileToJarDebug UP-TO-DATE
> Task :app:checkKotlinGradlePluginConfigurationErrors SKIPPED
> Task :app:preBuild UP-TO-DATE
> Task :app:preDebugBuild UP-TO-DATE
> Task :app:generateDebugBuildConfig UP-TO-DATE
> Task :ai:compileDebugLibraryResources UP-TO-DATE
> Task :ai:writeDebugAarMetadata UP-TO-DATE
> Task :common:writeDebugAarMetadata UP-TO-DATE
> Task :document:preBuild UP-TO-DATE
> Task :document:preDebugBuild UP-TO-DATE
> Task :document:writeDebugAarMetadata UP-TO-DATE
> Task :highlight:preBuild UP-TO-DATE
> Task :highlight:preDebugBuild UP-TO-DATE
> Task :highlight:writeDebugAarMetadata UP-TO-DATE
> Task :search:preBuild UP-TO-DATE
> Task :search:preDebugBuild UP-TO-DATE
> Task :search:writeDebugAarMetadata UP-TO-DATE
> Task :tts:preBuild UP-TO-DATE
> Task :tts:preDebugBuild UP-TO-DATE
> Task :tts:writeDebugAarMetadata UP-TO-DATE
> Task :app:checkDebugAarMetadata UP-TO-DATE
> Task :document:processDebugNavigationResources UP-TO-DATE
> Task :highlight:processDebugNavigationResources UP-TO-DATE
> Task :search:processDebugNavigationResources UP-TO-DATE
> Task :tts:processDebugNavigationResources UP-TO-DATE
> Task :app:processDebugNavigationResources UP-TO-DATE
> Task :app:compileDebugNavigationResources UP-TO-DATE
> Task :app:generateDebugResValues UP-TO-DATE
> Task :app:injectCrashlyticsMappingFileIdDebug UP-TO-DATE
> Task :app:injectCrashlyticsVersionControlInfoDebug UP-TO-DATE
> Task :app:processDebugGoogleServices UP-TO-DATE
> Task :document:generateDebugResValues UP-TO-DATE
> Task :document:generateDebugResources UP-TO-DATE
> Task :document:packageDebugResources UP-TO-DATE
> Task :highlight:generateDebugResValues UP-TO-DATE
> Task :highlight:generateDebugResources UP-TO-DATE
> Task :highlight:packageDebugResources UP-TO-DATE
> Task :search:generateDebugResValues UP-TO-DATE
> Task :search:generateDebugResources UP-TO-DATE
> Task :search:packageDebugResources UP-TO-DATE
> Task :tts:generateDebugResValues UP-TO-DATE
> Task :tts:generateDebugResources UP-TO-DATE
> Task :tts:packageDebugResources UP-TO-DATE
> Task :app:mapDebugSourceSetPaths UP-TO-DATE
> Task :ai:extractDebugSupportedLocales UP-TO-DATE
> Task :app:extractDebugSupportedLocales UP-TO-DATE
> Task :common:extractDebugSupportedLocales UP-TO-DATE
> Task :document:extractDebugSupportedLocales UP-TO-DATE
> Task :highlight:extractDebugSupportedLocales UP-TO-DATE
> Task :search:extractDebugSupportedLocales UP-TO-DATE
> Task :tts:extractDebugSupportedLocales UP-TO-DATE
> Task :app:generateDebugLocaleConfig UP-TO-DATE
> Task :app:generateDebugResources UP-TO-DATE
> Task :app:mergeDebugResources UP-TO-DATE
> Task :app:packageDebugResources UP-TO-DATE
> Task :app:parseDebugLocalResources UP-TO-DATE
> Task :app:createDebugCompatibleScreenManifests UP-TO-DATE
> Task :ai:extractDeepLinksDebug UP-TO-DATE
> Task :ai:processDebugManifest UP-TO-DATE
> Task :app:extractDeepLinksDebug UP-TO-DATE
> Task :common:extractDeepLinksDebug UP-TO-DATE
> Task :common:processDebugManifest UP-TO-DATE
> Task :document:extractDeepLinksDebug UP-TO-DATE
> Task :document:processDebugManifest UP-TO-DATE
> Task :highlight:extractDeepLinksDebug UP-TO-DATE
> Task :highlight:processDebugManifest UP-TO-DATE
> Task :search:extractDeepLinksDebug UP-TO-DATE
> Task :search:processDebugManifest UP-TO-DATE
> Task :tts:extractDeepLinksDebug UP-TO-DATE
> Task :tts:processDebugManifest UP-TO-DATE
> Task :app:processDebugMainManifest UP-TO-DATE
> Task :app:processDebugManifest UP-TO-DATE
> Task :app:processDebugManifestForPackage UP-TO-DATE
> Task :common:compileDebugLibraryResources UP-TO-DATE
> Task :document:compileDebugLibraryResources UP-TO-DATE
> Task :document:parseDebugLocalResources UP-TO-DATE
> Task :document:generateDebugRFile UP-TO-DATE
> Task :highlight:compileDebugLibraryResources UP-TO-DATE
> Task :highlight:parseDebugLocalResources UP-TO-DATE
> Task :highlight:generateDebugRFile UP-TO-DATE
> Task :search:compileDebugLibraryResources UP-TO-DATE
> Task :search:parseDebugLocalResources UP-TO-DATE
> Task :search:generateDebugRFile UP-TO-DATE
> Task :tts:compileDebugLibraryResources UP-TO-DATE
> Task :tts:parseDebugLocalResources UP-TO-DATE
> Task :tts:generateDebugRFile UP-TO-DATE
> Task :app:processDebugResources UP-TO-DATE
> Task :document:checkKotlinGradlePluginConfigurationErrors SKIPPED
> Task :document:compileDebugKotlin UP-TO-DATE
> Task :document:javaPreCompileDebug UP-TO-DATE
> Task :document:compileDebugJavaWithJavac UP-TO-DATE
> Task :document:bundleLibCompileToJarDebug UP-TO-DATE
> Task :highlight:checkKotlinGradlePluginConfigurationErrors SKIPPED
> Task :highlight:compileDebugKotlin UP-TO-DATE
> Task :highlight:javaPreCompileDebug UP-TO-DATE
> Task :highlight:compileDebugJavaWithJavac NO-SOURCE
> Task :highlight:bundleLibCompileToJarDebug UP-TO-DATE
> Task :search:checkKotlinGradlePluginConfigurationErrors SKIPPED
> Task :search:compileDebugKotlin UP-TO-DATE
> Task :search:javaPreCompileDebug UP-TO-DATE
> Task :search:compileDebugJavaWithJavac NO-SOURCE
> Task :search:bundleLibCompileToJarDebug UP-TO-DATE
> Task :tts:checkKotlinGradlePluginConfigurationErrors SKIPPED
> Task :tts:compileDebugKotlin UP-TO-DATE
> Task :tts:javaPreCompileDebug UP-TO-DATE
> Task :tts:compileDebugJavaWithJavac NO-SOURCE
> Task :tts:bundleLibCompileToJarDebug UP-TO-DATE
> Task :app:kspDebugKotlin UP-TO-DATE

> Task :app:compileDebugKotlin FAILED
./gradlew : e: file:///C:/Users/julia/Documents/GitHub/La
stChat/app/src/main/java/me/rerere/rikkahub/ui/components
/ai/MinimalChatInput.kt:545:41 Unresolved reference 
'reasoningTokens'.
At line:1 char:1
+ ./gradlew :app:compileDebugKotlin 2>&1 | Out-File 
-FilePath .\build_e ...
+ ~~~~~~~~~~~~~~~~~~~~~~~~~~~~~~~~~~~~~~
    + CategoryInfo          : NotSpecified: (e: file:/// 
   C:/U...asoningTokens'.:String) [], RemoteException
    + FullyQualifiedErrorId : NativeCommandError
 
e: file:///C:/Users/julia/Documents/GitHub/LastChat/app/s
rc/main/java/me/rerere/rikkahub/ui/components/ai/MinimalC
hatInput.kt:548:50 No parameter with name 
'reasoningTokens' found.

FAILURE: Build failed with an exception.

* What went wrong:
Execution failed for task ':app:compileDebugKotlin'.
> A failure occurred while executing org.jetbrains.kotlin
.compilerRunner.GradleCompilerRunnerWithWorkers$GradleKot
linCompilerWorkAction
   > Compilation error. See log for more details

* Try:
> Run with --stacktrace option to get the stack trace.
> Run with --info or --debug option to get more log 
output.
> Run with --scan to get full insights.
> Get more help at https://help.gradle.org.

BUILD FAILED in 5s
108 actionable tasks: 1 executed, 107 up-to-date
