> Task :ai:preBuild UP-TO-DATE
> Task :ai:preDebugBuild UP-TO-DATE
> Task :common:preBuild UP-TO-DATE
> Task :common:preDebugBuild UP-TO-DATE
> Task :common:writeDebugAarMetadata UP-TO-DATE
> Task :ai:checkDebugAarMetadata UP-TO-DATE
> Task :ai:mergeDebugJniLibFolders UP-TO-DATE
> Task :ai:mergeDebugNativeLibs NO-SOURCE
> Task :ai:stripDebugDebugSymbols NO-SOURCE
> Task :ai:copyDebugJniLibsProjectAndLocalJars UP-TO-DATE
> Task :ai:checkKotlinGradlePluginConfigurationErrors SKIPPED
> Task :ai:generateDebugResValues UP-TO-DATE
> Task :ai:generateDebugResources UP-TO-DATE
> Task :ai:packageDebugResources UP-TO-DATE
> Task :ai:processDebugNavigationResources UP-TO-DATE
> Task :ai:parseDebugLocalResources UP-TO-DATE
> Task :ai:generateDebugRFile UP-TO-DATE
> Task :common:checkKotlinGradlePluginConfigurationErrors SKIPPED
> Task :common:generateDebugResValues UP-TO-DATE
> Task :common:generateDebugResources UP-TO-DATE
> Task :common:packageDebugResources UP-TO-DATE
> Task :common:processDebugNavigationResources UP-TO-DATE
> Task :common:parseDebugLocalResources UP-TO-DATE
> Task :common:generateDebugRFile UP-TO-DATE
> Task :common:compileDebugKotlin UP-TO-DATE
> Task :common:javaPreCompileDebug UP-TO-DATE
> Task :common:compileDebugJavaWithJavac NO-SOURCE
> Task :common:bundleLibCompileToJarDebug UP-TO-DATE
> Task :ai:compileDebugKotlin UP-TO-DATE
> Task :ai:extractDebugAnnotations UP-TO-DATE
> Task :ai:extractDeepLinksForAarDebug UP-TO-DATE
> Task :ai:mergeDebugShaders UP-TO-DATE
> Task :ai:compileDebugShaders NO-SOURCE
> Task :ai:generateDebugAssets UP-TO-DATE
> Task :ai:mergeDebugAssets UP-TO-DATE
> Task :ai:javaPreCompileDebug UP-TO-DATE
> Task :ai:compileDebugJavaWithJavac NO-SOURCE
> Task :ai:mergeDebugGeneratedProguardFiles UP-TO-DATE
> Task :ai:mergeDebugConsumerProguardFiles UP-TO-DATE
> Task :ai:prepareDebugArtProfile UP-TO-DATE
> Task :ai:prepareLintJarForPublish UP-TO-DATE
> Task :ai:processDebugManifest UP-TO-DATE
> Task :ai:processDebugJavaRes UP-TO-DATE
> Task :ai:mergeDebugJavaResource UP-TO-DATE
> Task :ai:syncDebugLibJars UP-TO-DATE
> Task :ai:writeDebugAarMetadata UP-TO-DATE
> Task :ai:bundleDebugAar UP-TO-DATE
> Task :ai:assembleDebug UP-TO-DATE
> Task :app:preBuild UP-TO-DATE
> Task :app:preDebugBuild UP-TO-DATE
> Task :app:mergeDebugNativeDebugMetadata NO-SOURCE
> Task :ai:bundleLibCompileToJarDebug UP-TO-DATE
> Task :app:checkKotlinGradlePluginConfigurationErrors SKIPPED
> Task :app:generateDebugBuildConfig UP-TO-DATE
> Task :ai:compileDebugLibraryResources UP-TO-DATE
> Task :document:preBuild UP-TO-DATE
> Task :document:preDebugBuild UP-TO-DATE
> Task :document:writeDebugAarMetadata UP-TO-DATE
> Task :highlight:preBuild UP-TO-DATE
> Task :highlight:preDebugBuild UP-TO-DATE
> Task :highlight:writeDebugAarMetadata UP-TO-DATE
> Task :search:preBuild UP-TO-DATE
> Task :search:preDebugBuild UP-TO-DATE
> Task :search:writeDebugAarMetadata UP-TO-DATE
> Task :tts:preBuild UP-TO-DATE
> Task :tts:preDebugBuild UP-TO-DATE
> Task :tts:writeDebugAarMetadata UP-TO-DATE
> Task :app:checkDebugAarMetadata UP-TO-DATE
> Task :document:processDebugNavigationResources UP-TO-DATE
> Task :highlight:processDebugNavigationResources UP-TO-DATE
> Task :search:processDebugNavigationResources UP-TO-DATE
> Task :tts:processDebugNavigationResources UP-TO-DATE
> Task :app:processDebugNavigationResources UP-TO-DATE
> Task :app:compileDebugNavigationResources UP-TO-DATE
> Task :app:generateDebugResValues UP-TO-DATE
> Task :app:injectCrashlyticsMappingFileIdDebug UP-TO-DATE
> Task :app:injectCrashlyticsVersionControlInfoDebug UP-TO-DATE
> Task :app:processDebugGoogleServices UP-TO-DATE
> Task :document:generateDebugResValues UP-TO-DATE
> Task :document:generateDebugResources UP-TO-DATE
> Task :document:packageDebugResources UP-TO-DATE
> Task :highlight:generateDebugResValues UP-TO-DATE
> Task :highlight:generateDebugResources UP-TO-DATE
> Task :highlight:packageDebugResources UP-TO-DATE
> Task :search:generateDebugResValues UP-TO-DATE
> Task :search:generateDebugResources UP-TO-DATE
> Task :search:packageDebugResources UP-TO-DATE
> Task :tts:generateDebugResValues UP-TO-DATE
> Task :tts:generateDebugResources UP-TO-DATE
> Task :tts:packageDebugResources UP-TO-DATE
> Task :app:mapDebugSourceSetPaths UP-TO-DATE
> Task :ai:extractDebugSupportedLocales UP-TO-DATE
> Task :app:extractDebugSupportedLocales UP-TO-DATE
> Task :common:extractDebugSupportedLocales UP-TO-DATE
> Task :document:extractDebugSupportedLocales UP-TO-DATE
> Task :highlight:extractDebugSupportedLocales UP-TO-DATE
> Task :search:extractDebugSupportedLocales UP-TO-DATE
> Task :tts:extractDebugSupportedLocales UP-TO-DATE
> Task :app:generateDebugLocaleConfig UP-TO-DATE
> Task :app:generateDebugResources UP-TO-DATE
> Task :app:mergeDebugResources UP-TO-DATE
> Task :app:packageDebugResources UP-TO-DATE
> Task :app:parseDebugLocalResources UP-TO-DATE
> Task :app:createDebugCompatibleScreenManifests UP-TO-DATE
> Task :ai:extractDeepLinksDebug UP-TO-DATE
> Task :app:extractDeepLinksDebug UP-TO-DATE
> Task :common:extractDeepLinksDebug UP-TO-DATE
> Task :common:processDebugManifest UP-TO-DATE
> Task :document:extractDeepLinksDebug UP-TO-DATE
> Task :document:processDebugManifest UP-TO-DATE
> Task :highlight:extractDeepLinksDebug UP-TO-DATE
> Task :highlight:processDebugManifest UP-TO-DATE
> Task :search:extractDeepLinksDebug UP-TO-DATE
> Task :search:processDebugManifest UP-TO-DATE
> Task :tts:extractDeepLinksDebug UP-TO-DATE
> Task :tts:processDebugManifest UP-TO-DATE
> Task :app:processDebugMainManifest UP-TO-DATE
> Task :app:processDebugManifest UP-TO-DATE
> Task :app:processDebugManifestForPackage UP-TO-DATE
> Task :common:compileDebugLibraryResources UP-TO-DATE
> Task :document:compileDebugLibraryResources UP-TO-DATE
> Task :document:parseDebugLocalResources UP-TO-DATE
> Task :document:generateDebugRFile UP-TO-DATE
> Task :highlight:compileDebugLibraryResources UP-TO-DATE
> Task :highlight:parseDebugLocalResources UP-TO-DATE
> Task :highlight:generateDebugRFile UP-TO-DATE
> Task :search:compileDebugLibraryResources UP-TO-DATE
> Task :search:parseDebugLocalResources UP-TO-DATE
> Task :search:generateDebugRFile UP-TO-DATE
> Task :tts:compileDebugLibraryResources UP-TO-DATE
> Task :tts:parseDebugLocalResources UP-TO-DATE
> Task :tts:generateDebugRFile UP-TO-DATE
> Task :app:processDebugResources UP-TO-DATE
> Task :document:checkKotlinGradlePluginConfigurationErrors SKIPPED
> Task :document:compileDebugKotlin UP-TO-DATE
> Task :document:javaPreCompileDebug UP-TO-DATE
> Task :document:compileDebugJavaWithJavac UP-TO-DATE
> Task :document:bundleLibCompileToJarDebug UP-TO-DATE
> Task :highlight:checkKotlinGradlePluginConfigurationErrors SKIPPED
> Task :highlight:compileDebugKotlin UP-TO-DATE
> Task :highlight:javaPreCompileDebug UP-TO-DATE
> Task :highlight:compileDebugJavaWithJavac NO-SOURCE
> Task :highlight:bundleLibCompileToJarDebug UP-TO-DATE
> Task :search:checkKotlinGradlePluginConfigurationErrors SKIPPED
> Task :search:compileDebugKotlin UP-TO-DATE
> Task :search:javaPreCompileDebug UP-TO-DATE
> Task :search:compileDebugJavaWithJavac NO-SOURCE
> Task :search:bundleLibCompileToJarDebug UP-TO-DATE
> Task :tts:checkKotlinGradlePluginConfigurationErrors SKIPPED
> Task :tts:compileDebugKotlin UP-TO-DATE
> Task :tts:javaPreCompileDebug UP-TO-DATE
> Task :tts:compileDebugJavaWithJavac NO-SOURCE
> Task :tts:bundleLibCompileToJarDebug UP-TO-DATE
> Task :app:kspDebugKotlin UP-TO-DATE
> Task :app:javaPreCompileDebug UP-TO-DATE
> Task :app:mergeDebugShaders UP-TO-DATE
> Task :app:compileDebugShaders NO-SOURCE
> Task :app:generateDebugAssets UP-TO-DATE
> Task :common:mergeDebugShaders UP-TO-DATE
> Task :common:compileDebugShaders NO-SOURCE
> Task :common:generateDebugAssets UP-TO-DATE
> Task :common:mergeDebugAssets UP-TO-DATE
> Task :document:mergeDebugShaders UP-TO-DATE
> Task :document:compileDebugShaders NO-SOURCE
> Task :document:generateDebugAssets UP-TO-DATE
> Task :document:mergeDebugAssets UP-TO-DATE
> Task :highlight:mergeDebugShaders UP-TO-DATE
> Task :highlight:compileDebugShaders NO-SOURCE
> Task :highlight:generateDebugAssets UP-TO-DATE
> Task :highlight:mergeDebugAssets UP-TO-DATE
> Task :search:mergeDebugShaders UP-TO-DATE
> Task :search:compileDebugShaders NO-SOURCE
> Task :search:generateDebugAssets UP-TO-DATE
> Task :search:mergeDebugAssets UP-TO-DATE
> Task :tts:mergeDebugShaders UP-TO-DATE
> Task :tts:compileDebugShaders NO-SOURCE
> Task :tts:generateDebugAssets UP-TO-DATE
> Task :tts:mergeDebugAssets UP-TO-DATE
> Task :app:mergeDebugAssets UP-TO-DATE
> Task :app:compressDebugAssets UP-TO-DATE
> Task :search:bundleLibRuntimeToJarDebug UP-TO-DATE
> Task :ai:bundleLibRuntimeToJarDebug UP-TO-DATE
> Task :document:bundleLibRuntimeToJarDebug UP-TO-DATE
> Task :highlight:bundleLibRuntimeToJarDebug UP-TO-DATE
> Task :tts:bundleLibRuntimeToJarDebug UP-TO-DATE
> Task :common:bundleLibRuntimeToJarDebug UP-TO-DATE
> Task :app:desugarDebugFileDependencies UP-TO-DATE
> Task :common:processDebugJavaRes UP-TO-DATE
> Task :document:processDebugJavaRes UP-TO-DATE
> Task :highlight:processDebugJavaRes UP-TO-DATE
> Task :search:processDebugJavaRes UP-TO-DATE
> Task :tts:processDebugJavaRes UP-TO-DATE
> Task :app:checkDebugDuplicateClasses UP-TO-DATE
> Task :app:mergeExtDexDebug UP-TO-DATE
> Task :search:bundleLibRuntimeToDirDebug UP-TO-DATE
> Task :ai:bundleLibRuntimeToDirDebug UP-TO-DATE
> Task :document:bundleLibRuntimeToDirDebug UP-TO-DATE
> Task :highlight:bundleLibRuntimeToDirDebug UP-TO-DATE
> Task :tts:bundleLibRuntimeToDirDebug UP-TO-DATE
> Task :common:bundleLibRuntimeToDirDebug UP-TO-DATE
> Task :ai:copyDebugJniLibsProjectOnly UP-TO-DATE
> Task :app:mergeDebugJniLibFolders UP-TO-DATE
> Task :common:mergeDebugJniLibFolders UP-TO-DATE
> Task :app:mergeLibDexDebug UP-TO-DATE
> Task :common:mergeDebugNativeLibs NO-SOURCE
> Task :common:copyDebugJniLibsProjectOnly UP-TO-DATE
> Task :document:mergeDebugJniLibFolders UP-TO-DATE
> Task :document:mergeDebugNativeLibs UP-TO-DATE
> Task :document:copyDebugJniLibsProjectOnly UP-TO-DATE
> Task :highlight:mergeDebugJniLibFolders UP-TO-DATE
> Task :highlight:mergeDebugNativeLibs NO-SOURCE
> Task :highlight:copyDebugJniLibsProjectOnly UP-TO-DATE
> Task :search:mergeDebugJniLibFolders UP-TO-DATE
> Task :search:mergeDebugNativeLibs NO-SOURCE
> Task :search:copyDebugJniLibsProjectOnly UP-TO-DATE
> Task :tts:mergeDebugJniLibFolders UP-TO-DATE
> Task :tts:mergeDebugNativeLibs NO-SOURCE
> Task :tts:copyDebugJniLibsProjectOnly UP-TO-DATE
> Task :app:mergeDebugNativeLibs UP-TO-DATE
> Task :app:stripDebugDebugSymbols UP-TO-DATE
> Task :app:validateSigningDebug UP-TO-DATE
> Task :app:writeDebugAppMetadata UP-TO-DATE
> Task :app:writeDebugSigningConfigVersions UP-TO-DATE
> Task :common:checkDebugAarMetadata UP-TO-DATE
> Task :common:stripDebugDebugSymbols NO-SOURCE
> Task :common:copyDebugJniLibsProjectAndLocalJars UP-TO-DATE
> Task :common:extractDebugAnnotations UP-TO-DATE
> Task :common:extractDeepLinksForAarDebug UP-TO-DATE
> Task :common:mergeDebugGeneratedProguardFiles UP-TO-DATE
> Task :common:mergeDebugConsumerProguardFiles UP-TO-DATE
> Task :common:prepareDebugArtProfile UP-TO-DATE
> Task :common:prepareLintJarForPublish UP-TO-DATE
> Task :common:mergeDebugJavaResource UP-TO-DATE
> Task :common:syncDebugLibJars UP-TO-DATE
> Task :common:bundleDebugAar UP-TO-DATE
> Task :common:assembleDebug UP-TO-DATE
> Task :document:checkDebugAarMetadata UP-TO-DATE
> Task :document:stripDebugDebugSymbols UP-TO-DATE
> Task :document:copyDebugJniLibsProjectAndLocalJars UP-TO-DATE
> Task :document:extractDebugAnnotations UP-TO-DATE
> Task :document:extractDeepLinksForAarDebug UP-TO-DATE
> Task :document:mergeDebugGeneratedProguardFiles UP-TO-DATE
> Task :document:mergeDebugConsumerProguardFiles UP-TO-DATE
> Task :document:prepareDebugArtProfile UP-TO-DATE
> Task :document:prepareLintJarForPublish UP-TO-DATE
> Task :document:mergeDebugJavaResource UP-TO-DATE
> Task :document:syncDebugLibJars UP-TO-DATE
> Task :document:bundleDebugAar UP-TO-DATE
> Task :document:assembleDebug UP-TO-DATE
> Task :highlight:checkDebugAarMetadata UP-TO-DATE
> Task :highlight:stripDebugDebugSymbols NO-SOURCE
> Task :highlight:copyDebugJniLibsProjectAndLocalJars UP-TO-DATE
> Task :highlight:extractDebugAnnotations UP-TO-DATE
> Task :highlight:extractDeepLinksForAarDebug UP-TO-DATE
> Task :highlight:mergeDebugGeneratedProguardFiles UP-TO-DATE
> Task :highlight:mergeDebugConsumerProguardFiles UP-TO-DATE
> Task :highlight:prepareDebugArtProfile UP-TO-DATE
> Task :highlight:prepareLintJarForPublish UP-TO-DATE
> Task :highlight:mergeDebugJavaResource UP-TO-DATE
> Task :highlight:syncDebugLibJars UP-TO-DATE
> Task :highlight:bundleDebugAar UP-TO-DATE
> Task :highlight:assembleDebug UP-TO-DATE
> Task :search:checkDebugAarMetadata UP-TO-DATE
> Task :search:stripDebugDebugSymbols NO-SOURCE
> Task :search:copyDebugJniLibsProjectAndLocalJars UP-TO-DATE
> Task :search:extractDebugAnnotations UP-TO-DATE
> Task :search:extractDeepLinksForAarDebug UP-TO-DATE
> Task :search:mergeDebugGeneratedProguardFiles UP-TO-DATE
> Task :search:mergeDebugConsumerProguardFiles UP-TO-DATE
> Task :search:prepareDebugArtProfile UP-TO-DATE
> Task :search:prepareLintJarForPublish UP-TO-DATE
> Task :search:mergeDebugJavaResource UP-TO-DATE
> Task :search:syncDebugLibJars UP-TO-DATE
> Task :search:bundleDebugAar UP-TO-DATE
> Task :search:assembleDebug UP-TO-DATE
> Task :tts:checkDebugAarMetadata UP-TO-DATE
> Task :tts:stripDebugDebugSymbols NO-SOURCE
> Task :tts:copyDebugJniLibsProjectAndLocalJars UP-TO-DATE
> Task :tts:extractDebugAnnotations UP-TO-DATE
> Task :tts:extractDeepLinksForAarDebug UP-TO-DATE
> Task :tts:mergeDebugGeneratedProguardFiles UP-TO-DATE
> Task :tts:mergeDebugConsumerProguardFiles UP-TO-DATE
> Task :tts:prepareDebugArtProfile UP-TO-DATE
> Task :tts:prepareLintJarForPublish UP-TO-DATE
> Task :tts:mergeDebugJavaResource UP-TO-DATE
> Task :tts:syncDebugLibJars UP-TO-DATE
> Task :tts:bundleDebugAar UP-TO-DATE
> Task :tts:assembleDebug UP-TO-DATE

> Task :app:compileDebugKotlin FAILED
.\gradlew.bat : e: file:///C:/Users/julia/Documents/G
itHub/LastChat/app/src/main/java/me/rerere/rikkahub/u
i/pages/assistant/detail/AssistantDetailPage.kt:480:5
2 Unresolved reference 'ExposedDropdownMenu'.
At line:1 char:1
+ .\gradlew.bat assembleDebug 2>&1 > 
build_output.txt; Get-Content buil ...
+ ~~~~~~~~~~~~~~~~~~~~~~~~~~~~~~~~~~~~~~~~~~~~~~~~~~~
    + CategoryInfo          : NotSpecified: (e: file 
   :///C:/U...dDropdownMenu'.:String) [], RemoteExc  
  eption
    + FullyQualifiedErrorId : NativeCommandError
 
e: file:///C:/Users/julia/Documents/GitHub/LastChat/a
pp/src/main/java/me/rerere/rikkahub/ui/pages/assistan
t/detail/AssistantDetailPage.kt:485:56 @Composable 
invocations can only happen from the context of a 
@Composable function
e: file:///C:/Users/julia/Documents/GitHub/LastChat/a
pp/src/main/java/me/rerere/rikkahub/ui/pages/assistan
t/detail/AssistantDetailPage.kt:493:101 Unresolved 
reference 'Close'.
e: file:///C:/Users/julia/Documents/GitHub/LastChat/a
pp/src/main/java/me/rerere/rikkahub/ui/pages/assistan
t/detail/AssistantDetailPage.kt:501:60 @Composable 
invocations can only happen from the context of a 
@Composable function
e: file:///C:/Users/julia/Documents/GitHub/LastChat/a
pp/src/main/java/me/rerere/rikkahub/ui/pages/assistan
t/detail/AssistantDetailPage.kt:509:105 Unresolved 
reference 'Search'.
e: file:///C:/Users/julia/Documents/GitHub/LastChat/a
pp/src/main/java/me/rerere/rikkahub/ui/pages/assistan
t/detail/AssistantDetailPage.kt:519:60 @Composable 
invocations can only happen from the context of a 
@Composable function

FAILURE: Build failed with an exception.

* What went wrong:
Execution failed for task ':app:compileDebugKotlin'.
> A failure occurred while executing org.jetbrains.ko
tlin.compilerRunner.GradleCompilerRunnerWithWorkers$G
radleKotlinCompilerWorkAction
   > Compilation error. See log for more details

* Try:
> Run with --stacktrace option to get the stack 
trace.
> Run with --info or --debug option to get more log 
output.
> Run with --scan to get full insights.
> Get more help at https://help.gradle.org.

BUILD FAILED in 6s
232 actionable tasks: 1 executed, 231 up-to-date
