> Task :ai:checkKotlinGradlePluginConfigurationErrors SKIPPED
> Task :ai:preBuild UP-TO-DATE
> Task :ai:preDebugBuild UP-TO-DATE
> Task :ai:generateDebugResValues UP-TO-DATE
> Task :ai:generateDebugResources UP-TO-DATE
> Task :ai:packageDebugResources UP-TO-DATE
> Task :ai:processDebugNavigationResources UP-TO-DATE
> Task :ai:parseDebugLocalResources UP-TO-DATE
> Task :ai:generateDebugRFile UP-TO-DATE
> Task :common:checkKotlinGradlePluginConfigurationErrors SKIPPED
> Task :common:preBuild UP-TO-DATE
> Task :common:preDebugBuild UP-TO-DATE
> Task :common:generateDebugResValues UP-TO-DATE
> Task :common:generateDebugResources UP-TO-DATE
> Task :common:packageDebugResources UP-TO-DATE
> Task :common:processDebugNavigationResources UP-TO-DATE
> Task :common:parseDebugLocalResources UP-TO-DATE
> Task :common:generateDebugRFile UP-TO-DATE
> Task :common:compileDebugKotlin UP-TO-DATE
> Task :common:javaPreCompileDebug UP-TO-DATE
> Task :common:compileDebugJavaWithJavac NO-SOURCE
> Task :common:bundleLibCompileToJarDebug UP-TO-DATE
> Task :ai:compileDebugKotlin UP-TO-DATE
> Task :ai:javaPreCompileDebug UP-TO-DATE
> Task :ai:compileDebugJavaWithJavac NO-SOURCE
> Task :ai:bundleLibCompileToJarDebug UP-TO-DATE
> Task :app:checkKotlinGradlePluginConfigurationErrors SKIPPED
> Task :app:preBuild UP-TO-DATE
> Task :app:preDebugBuild UP-TO-DATE
> Task :app:generateDebugBuildConfig UP-TO-DATE
> Task :ai:compileDebugLibraryResources UP-TO-DATE
> Task :ai:writeDebugAarMetadata UP-TO-DATE
> Task :common:writeDebugAarMetadata UP-TO-DATE
> Task :document:preBuild UP-TO-DATE
> Task :document:preDebugBuild UP-TO-DATE
> Task :document:writeDebugAarMetadata UP-TO-DATE
> Task :highlight:preBuild UP-TO-DATE
> Task :highlight:preDebugBuild UP-TO-DATE
> Task :highlight:writeDebugAarMetadata UP-TO-DATE
> Task :search:preBuild UP-TO-DATE
> Task :search:preDebugBuild UP-TO-DATE
> Task :search:writeDebugAarMetadata UP-TO-DATE
> Task :tts:preBuild UP-TO-DATE
> Task :tts:preDebugBuild UP-TO-DATE
> Task :tts:writeDebugAarMetadata UP-TO-DATE
> Task :app:checkDebugAarMetadata UP-TO-DATE
> Task :document:processDebugNavigationResources UP-TO-DATE
> Task :highlight:processDebugNavigationResources UP-TO-DATE
> Task :search:processDebugNavigationResources UP-TO-DATE
> Task :tts:processDebugNavigationResources UP-TO-DATE
> Task :app:processDebugNavigationResources UP-TO-DATE
> Task :app:compileDebugNavigationResources UP-TO-DATE
> Task :app:generateDebugResValues UP-TO-DATE
> Task :app:injectCrashlyticsMappingFileIdDebug UP-TO-DATE
> Task :app:injectCrashlyticsVersionControlInfoDebug UP-TO-DATE
> Task :app:processDebugGoogleServices UP-TO-DATE
> Task :document:generateDebugResValues UP-TO-DATE
> Task :document:generateDebugResources UP-TO-DATE
> Task :document:packageDebugResources UP-TO-DATE
> Task :highlight:generateDebugResValues UP-TO-DATE
> Task :highlight:generateDebugResources UP-TO-DATE
> Task :highlight:packageDebugResources UP-TO-DATE
> Task :search:generateDebugResValues UP-TO-DATE
> Task :search:generateDebugResources UP-TO-DATE
> Task :search:packageDebugResources UP-TO-DATE
> Task :tts:generateDebugResValues UP-TO-DATE
> Task :tts:generateDebugResources UP-TO-DATE
> Task :tts:packageDebugResources UP-TO-DATE
> Task :app:mapDebugSourceSetPaths UP-TO-DATE
> Task :ai:extractDebugSupportedLocales UP-TO-DATE
> Task :app:extractDebugSupportedLocales UP-TO-DATE
> Task :common:extractDebugSupportedLocales UP-TO-DATE
> Task :document:extractDebugSupportedLocales UP-TO-DATE
> Task :highlight:extractDebugSupportedLocales UP-TO-DATE
> Task :search:extractDebugSupportedLocales UP-TO-DATE
> Task :tts:extractDebugSupportedLocales UP-TO-DATE
> Task :app:generateDebugLocaleConfig UP-TO-DATE
> Task :app:generateDebugResources UP-TO-DATE
> Task :app:mergeDebugResources UP-TO-DATE
> Task :app:packageDebugResources UP-TO-DATE
> Task :app:parseDebugLocalResources UP-TO-DATE
> Task :app:createDebugCompatibleScreenManifests UP-TO-DATE
> Task :ai:extractDeepLinksDebug UP-TO-DATE
> Task :ai:processDebugManifest UP-TO-DATE
> Task :app:extractDeepLinksDebug UP-TO-DATE
> Task :common:extractDeepLinksDebug UP-TO-DATE
> Task :common:processDebugManifest UP-TO-DATE
> Task :document:extractDeepLinksDebug UP-TO-DATE
> Task :document:processDebugManifest UP-TO-DATE
> Task :highlight:extractDeepLinksDebug UP-TO-DATE
> Task :highlight:processDebugManifest UP-TO-DATE
> Task :search:extractDeepLinksDebug UP-TO-DATE
> Task :search:processDebugManifest UP-TO-DATE
> Task :tts:extractDeepLinksDebug UP-TO-DATE
> Task :tts:processDebugManifest UP-TO-DATE
> Task :app:processDebugMainManifest UP-TO-DATE
> Task :app:processDebugManifest UP-TO-DATE
> Task :app:processDebugManifestForPackage UP-TO-DATE
> Task :common:compileDebugLibraryResources UP-TO-DATE
> Task :document:compileDebugLibraryResources UP-TO-DATE
> Task :document:parseDebugLocalResources UP-TO-DATE
> Task :document:generateDebugRFile UP-TO-DATE
> Task :highlight:compileDebugLibraryResources UP-TO-DATE
> Task :highlight:parseDebugLocalResources UP-TO-DATE
> Task :highlight:generateDebugRFile UP-TO-DATE
> Task :search:compileDebugLibraryResources UP-TO-DATE
> Task :search:parseDebugLocalResources UP-TO-DATE
> Task :search:generateDebugRFile UP-TO-DATE
> Task :tts:compileDebugLibraryResources UP-TO-DATE
> Task :tts:parseDebugLocalResources UP-TO-DATE
> Task :tts:generateDebugRFile UP-TO-DATE
> Task :app:processDebugResources UP-TO-DATE
> Task :document:checkKotlinGradlePluginConfigurationErrors SKIPPED
> Task :document:compileDebugKotlin UP-TO-DATE
> Task :document:javaPreCompileDebug UP-TO-DATE
> Task :document:compileDebugJavaWithJavac UP-TO-DATE
> Task :document:bundleLibCompileToJarDebug UP-TO-DATE
> Task :highlight:checkKotlinGradlePluginConfigurationErrors SKIPPED
> Task :highlight:compileDebugKotlin UP-TO-DATE
> Task :highlight:javaPreCompileDebug UP-TO-DATE
> Task :highlight:compileDebugJavaWithJavac NO-SOURCE
> Task :highlight:bundleLibCompileToJarDebug UP-TO-DATE
> Task :search:checkKotlinGradlePluginConfigurationErrors SKIPPED
> Task :search:compileDebugKotlin UP-TO-DATE
> Task :search:javaPreCompileDebug UP-TO-DATE
> Task :search:compileDebugJavaWithJavac NO-SOURCE
> Task :search:bundleLibCompileToJarDebug UP-TO-DATE
> Task :tts:checkKotlinGradlePluginConfigurationErrors SKIPPED
> Task :tts:compileDebugKotlin UP-TO-DATE
> Task :tts:javaPreCompileDebug UP-TO-DATE
> Task :tts:compileDebugJavaWithJavac NO-SOURCE
> Task :tts:bundleLibCompileToJarDebug UP-TO-DATE
> Task :app:kspDebugKotlin UP-TO-DATE

> Task :app:compileDebugKotlin FAILED
.\gradlew.bat : e: file:///C:/Users/julia/Docu
ments/GitHub/LastChat/app/src/main/java/me/rer
ere/rikkahub/service/ChatService.kt:846:17 
Syntax error: Expecting member declaration.
At line:1 char:1
+ .\gradlew.bat :app:compileDebugKotlin > 
build_error.log 2>&1
+ ~~~~~~~~~~~~~~~~~~~~~~~~~~~~~~~~~~~~~~~~~~~~
~~~~~~~~~~~~~~~~
    + CategoryInfo          : NotSpecified: ( 
   e: file:///C:/U...er declaration.:String)  
   [], RemoteException
    + FullyQualifiedErrorId : NativeCommandEr 
   ror
 
e: file:///C:/Users/julia/Documents/GitHub/Las
tChat/app/src/main/java/me/rerere/rikkahub/ser
vice/ChatService.kt:846:31 Syntax error: 
Expecting member declaration.
e: file:///C:/Users/julia/Documents/GitHub/Las
tChat/app/src/main/java/me/rerere/rikkahub/ser
vice/ChatService.kt:847:17 Syntax error: 
Expecting member declaration.
e: file:///C:/Users/julia/Documents/GitHub/Las
tChat/app/src/main/java/me/rerere/rikkahub/ser
vice/ChatService.kt:847:36 Syntax error: 
Expecting member declaration.
e: file:///C:/Users/julia/Documents/GitHub/Las
tChat/app/src/main/java/me/rerere/rikkahub/ser
vice/ChatService.kt:847:37 Syntax error: 
Expecting member declaration.
e: file:///C:/Users/julia/Documents/GitHub/Las
tChat/app/src/main/java/me/rerere/rikkahub/ser
vice/ChatService.kt:847:51 Syntax error: 
Expecting member declaration.
e: file:///C:/Users/julia/Documents/GitHub/Las
tChat/app/src/main/java/me/rerere/rikkahub/ser
vice/ChatService.kt:847:52 Syntax error: 
Expecting member declaration.
e: file:///C:/Users/julia/Documents/GitHub/Las
tChat/app/src/main/java/me/rerere/rikkahub/ser
vice/ChatService.kt:847:58 Syntax error: 
Expecting member declaration.
e: file:///C:/Users/julia/Documents/GitHub/Las
tChat/app/src/main/java/me/rerere/rikkahub/ser
vice/ChatService.kt:847:59 Syntax error: 
Expecting member declaration.
e: file:///C:/Users/julia/Documents/GitHub/Las
tChat/app/src/main/java/me/rerere/rikkahub/ser
vice/ChatService.kt:847:63 Syntax error: 
Expecting member declaration.
e: file:///C:/Users/julia/Documents/GitHub/Las
tChat/app/src/main/java/me/rerere/rikkahub/ser
vice/ChatService.kt:848:21 Syntax error: 
Expecting member declaration.
e: file:///C:/Users/julia/Documents/GitHub/Las
tChat/app/src/main/java/me/rerere/rikkahub/ser
vice/ChatService.kt:848:37 Syntax error: 
Expecting member declaration.
e: file:///C:/Users/julia/Documents/GitHub/Las
tChat/app/src/main/java/me/rerere/rikkahub/ser
vice/ChatService.kt:848:39 Syntax error: 
Expecting member declaration.
e: file:///C:/Users/julia/Documents/GitHub/Las
tChat/app/src/main/java/me/rerere/rikkahub/ser
vice/ChatService.kt:848:50 Syntax error: 
Expecting member declaration.
e: file:///C:/Users/julia/Documents/GitHub/Las
tChat/app/src/main/java/me/rerere/rikkahub/ser
vice/ChatService.kt:848:51 Syntax error: 
Expecting member declaration.
e: file:///C:/Users/julia/Documents/GitHub/Las
tChat/app/src/main/java/me/rerere/rikkahub/ser
vice/ChatService.kt:848:55 Syntax error: 
Expecting member declaration.
e: file:///C:/Users/julia/Documents/GitHub/Las
tChat/app/src/main/java/me/rerere/rikkahub/ser
vice/ChatService.kt:849:25 Syntax error: 
Expecting member declaration.
e: file:///C:/Users/julia/Documents/GitHub/Las
tChat/app/src/main/java/me/rerere/rikkahub/ser
vice/ChatService.kt:850:21 Syntax error: 
Expecting member declaration.
e: file:///C:/Users/julia/Documents/GitHub/Las
tChat/app/src/main/java/me/rerere/rikkahub/ser
vice/ChatService.kt:851:17 Syntax error: 
Expecting member declaration.
e: file:///C:/Users/julia/Documents/GitHub/Las
tChat/app/src/main/java/me/rerere/rikkahub/ser
vice/ChatService.kt:852:13 Syntax error: 
Expecting member declaration.
e: file:///C:/Users/julia/Documents/GitHub/Las
tChat/app/src/main/java/me/rerere/rikkahub/ser
vice/ChatService.kt:853:10 Syntax error: 
Expecting a top level declaration.
e: file:///C:/Users/julia/Documents/GitHub/Las
tChat/app/src/main/java/me/rerere/rikkahub/ser
vice/ChatService.kt:853:11 Syntax error: 
Expecting a top level declaration.
e: file:///C:/Users/julia/Documents/GitHub/Las
tChat/app/src/main/java/me/rerere/rikkahub/ser
vice/ChatService.kt:853:21 Syntax error: 
Expecting a top level declaration.
e: file:///C:/Users/julia/Documents/GitHub/Las
tChat/app/src/main/java/me/rerere/rikkahub/ser
vice/ChatService.kt:853:21 Function 
declaration must have a name.
e: file:///C:/Users/julia/Documents/GitHub/Las
tChat/app/src/main/java/me/rerere/rikkahub/ser
vice/ChatService.kt:854:13 Unresolved 
reference 'it'.
e: file:///C:/Users/julia/Documents/GitHub/Las
tChat/app/src/main/java/me/rerere/rikkahub/ser
vice/ChatService.kt:856:5 Syntax error: 
Expecting a top level declaration.
e: file:///C:/Users/julia/Documents/GitHub/Las
tChat/app/src/main/java/me/rerere/rikkahub/ser
vice/ChatService.kt:860:28 Unresolved 
reference 'getConversationFlow'.
e: file:///C:/Users/julia/Documents/GitHub/Las
tChat/app/src/main/java/me/rerere/rikkahub/ser
vice/ChatService.kt:862:40 Function 
invocation 'context(...)' expected.
e: file:///C:/Users/julia/Documents/GitHub/Las
tChat/app/src/main/java/me/rerere/rikkahub/ser
vice/ChatService.kt:863:34 Function 
invocation 'context(...)' expected.
e: file:///C:/Users/julia/Documents/GitHub/Las
tChat/app/src/main/java/me/rerere/rikkahub/ser
vice/ChatService.kt:863:42 Unresolved 
reference 'getString'.
e: file:///C:/Users/julia/Documents/GitHub/Las
tChat/app/src/main/java/me/rerere/rikkahub/ser
vice/ChatService.kt:864:76 Unresolved 
reference 'toText'.
e: file:///C:/Users/julia/Documents/GitHub/Las
tChat/app/src/main/java/me/rerere/rikkahub/ser
vice/ChatService.kt:870:52 Function 
invocation 'context(...)' expected.
e: file:///C:/Users/julia/Documents/GitHub/Las
tChat/app/src/main/java/me/rerere/rikkahub/ser
vice/ChatService.kt:873:17 Function 
invocation 'context(...)' expected.
e: file:///C:/Users/julia/Documents/GitHub/Las
tChat/app/src/main/java/me/rerere/rikkahub/ser
vice/ChatService.kt:879:40 Function 
invocation 'context(...)' expected.
e: file:///C:/Users/julia/Documents/GitHub/Las
tChat/app/src/main/java/me/rerere/rikkahub/ser
vice/ChatService.kt:898:40 Unresolved 
reference 'getConversationFlow'.
e: file:///C:/Users/julia/Documents/GitHub/Las
tChat/app/src/main/java/me/rerere/rikkahub/ser
vice/ChatService.kt:899:9 Unresolved 
reference 'conversations'.
e: file:///C:/Users/julia/Documents/GitHub/Las
tChat/app/src/main/java/me/rerere/rikkahub/ser
vice/ChatService.kt:911:13 Function 
invocation 'context(...)' expected.
e: file:///C:/Users/julia/Documents/GitHub/Las
tChat/app/src/main/java/me/rerere/rikkahub/ser
vice/ChatService.kt:921:13 Unresolved 
reference 'temporaryConversations'.
e: file:///C:/Users/julia/Documents/GitHub/Las
tChat/app/src/main/java/me/rerere/rikkahub/ser
vice/ChatService.kt:930:17 Unresolved 
reference 'conversationRepo'.
e: file:///C:/Users/julia/Documents/GitHub/Las
tChat/app/src/main/java/me/rerere/rikkahub/ser
vice/ChatService.kt:931:17 Unresolved 
reference 'conversationRepo'.
e: file:///C:/Users/julia/Documents/GitHub/Las
tChat/app/src/main/java/me/rerere/rikkahub/ser
vice/ChatService.kt:933:17 Unresolved 
reference 'conversationRepo'.
e: file:///C:/Users/julia/Documents/GitHub/Las
tChat/app/src/main/java/me/rerere/rikkahub/ser
vice/ChatService.kt:946:9 Unresolved 
reference 'appScope'.
e: file:///C:/Users/julia/Documents/GitHub/Las
tChat/app/src/main/java/me/rerere/rikkahub/ser
vice/ChatService.kt:948:32 Unresolved 
reference 'settingsStore'.
e: file:///C:/Users/julia/Documents/GitHub/Las
tChat/app/src/main/java/me/rerere/rikkahub/ser
vice/ChatService.kt:948:59 Cannot infer type 
for type parameter 'T'. Specify it explicitly.
e: file:///C:/Users/julia/Documents/GitHub/Las
tChat/app/src/main/java/me/rerere/rikkahub/ser
vice/ChatService.kt:957:35 Function 
invocation 'context(...)' expected.
e: file:///C:/Users/julia/Documents/GitHub/Las
tChat/app/src/main/java/me/rerere/rikkahub/ser
vice/ChatService.kt:957:43 Unresolved 
reference 'getString'.
e: file:///C:/Users/julia/Documents/GitHub/Las
tChat/app/src/main/java/me/rerere/rikkahub/ser
vice/ChatService.kt:960:17 Unresolved 
reference 'generationHandler'.
e: file:///C:/Users/julia/Documents/GitHub/Las
tChat/app/src/main/java/me/rerere/rikkahub/ser
vice/ChatService.kt:964:21 Cannot infer type 
for value parameter 'translatedText'. Specify 
it explicitly.
e: file:///C:/Users/julia/Documents/GitHub/Las
tChat/app/src/main/java/me/rerere/rikkahub/ser
vice/ChatService.kt:970:50 Unresolved 
reference 'getConversationFlow'.
e: file:///C:/Users/julia/Documents/GitHub/Las
tChat/app/src/main/java/me/rerere/rikkahub/ser
vice/ChatService.kt:974:17 Unresolved 
reference '_errorFlow'.
e: file:///C:/Users/julia/Documents/GitHub/Las
tChat/app/src/main/java/me/rerere/rikkahub/ser
vice/ChatService.kt:984:35 Unresolved 
reference 'getConversationFlow'.
e: file:///C:/Users/julia/Documents/GitHub/Las
tChat/app/src/main/java/me/rerere/rikkahub/ser
vice/ChatService.kt:985:61 Cannot infer type 
for type parameter 'T'. Specify it explicitly.
e: file:///C:/Users/julia/Documents/GitHub/Las
tChat/app/src/main/java/me/rerere/rikkahub/ser
vice/ChatService.kt:985:61 Cannot infer type 
for type parameter 'R'. Specify it explicitly.
e: file:///C:/Users/julia/Documents/GitHub/Las
tChat/app/src/main/java/me/rerere/rikkahub/ser
vice/ChatService.kt:985:67 Cannot infer type 
for type parameter 'T'. Specify it explicitly.
e: file:///C:/Users/julia/Documents/GitHub/Las
tChat/app/src/main/java/me/rerere/rikkahub/ser
vice/ChatService.kt:986:22 Unresolved 
reference 'messages'.
e: file:///C:/Users/julia/Documents/GitHub/Las
tChat/app/src/main/java/me/rerere/rikkahub/ser
vice/ChatService.kt:986:37 Unresolved 
reference 'it'.
e: file:///C:/Users/julia/Documents/GitHub/Las
tChat/app/src/main/java/me/rerere/rikkahub/ser
vice/ChatService.kt:987:44 Unresolved 
reference 'messages'.
e: file:///C:/Users/julia/Documents/GitHub/Las
tChat/app/src/main/java/me/rerere/rikkahub/ser
vice/ChatService.kt:987:53 Cannot infer type 
for type parameter 'T'. Specify it explicitly.
e: file:///C:/Users/julia/Documents/GitHub/Las
tChat/app/src/main/java/me/rerere/rikkahub/ser
vice/ChatService.kt:987:53 Cannot infer type 
for type parameter 'R'. Specify it explicitly.
e: file:///C:/Users/julia/Documents/GitHub/Las
tChat/app/src/main/java/me/rerere/rikkahub/ser
vice/ChatService.kt:987:59 Cannot infer type 
for type parameter 'T'. Specify it explicitly.
e: file:///C:/Users/julia/Documents/GitHub/Las
tChat/app/src/main/java/me/rerere/rikkahub/ser
vice/ChatService.kt:988:29 Unresolved 
reference 'id'.
e: file:///C:/Users/julia/Documents/GitHub/Las
tChat/app/src/main/java/me/rerere/rikkahub/ser
vice/ChatService.kt:989:29 Unresolved 
reference 'copy'.
e: file:///C:/Users/julia/Documents/GitHub/Las
tChat/app/src/main/java/me/rerere/rikkahub/ser
vice/ChatService.kt:994:22 Unresolved 
reference 'copy'.
e: file:///C:/Users/julia/Documents/GitHub/Las
tChat/app/src/main/java/me/rerere/rikkahub/ser
vice/ChatService.kt:1004:35 Unresolved 
reference 'getConversationFlow'.
e: file:///C:/Users/julia/Documents/GitHub/Las
tChat/app/src/main/java/me/rerere/rikkahub/ser
vice/ChatService.kt:1005:61 Cannot infer type 
for type parameter 'T'. Specify it explicitly.
e: file:///C:/Users/julia/Documents/GitHub/Las
tChat/app/src/main/java/me/rerere/rikkahub/ser
vice/ChatService.kt:1005:61 Cannot infer type 
for type parameter 'R'. Specify it explicitly.
e: file:///C:/Users/julia/Documents/GitHub/Las
tChat/app/src/main/java/me/rerere/rikkahub/ser
vice/ChatService.kt:1005:67 Cannot infer type 
for type parameter 'T'. Specify it explicitly.
e: file:///C:/Users/julia/Documents/GitHub/Las
tChat/app/src/main/java/me/rerere/rikkahub/ser
vice/ChatService.kt:1006:22 Unresolved 
reference 'messages'.
e: file:///C:/Users/julia/Documents/GitHub/Las
tChat/app/src/main/java/me/rerere/rikkahub/ser
vice/ChatService.kt:1006:37 Unresolved 
reference 'it'.
e: file:///C:/Users/julia/Documents/GitHub/Las
tChat/app/src/main/java/me/rerere/rikkahub/ser
vice/ChatService.kt:1007:44 Unresolved 
reference 'messages'.
e: file:///C:/Users/julia/Documents/GitHub/Las
tChat/app/src/main/java/me/rerere/rikkahub/ser
vice/ChatService.kt:1007:53 Cannot infer type 
for type parameter 'T'. Specify it explicitly.
e: file:///C:/Users/julia/Documents/GitHub/Las
tChat/app/src/main/java/me/rerere/rikkahub/ser
vice/ChatService.kt:1007:53 Cannot infer type 
for type parameter 'R'. Specify it explicitly.
e: file:///C:/Users/julia/Documents/GitHub/Las
tChat/app/src/main/java/me/rerere/rikkahub/ser
vice/ChatService.kt:1007:59 Cannot infer type 
for type parameter 'T'. Specify it explicitly.
e: file:///C:/Users/julia/Documents/GitHub/Las
tChat/app/src/main/java/me/rerere/rikkahub/ser
vice/ChatService.kt:1008:29 Unresolved 
reference 'id'.
e: file:///C:/Users/julia/Documents/GitHub/Las
tChat/app/src/main/java/me/rerere/rikkahub/ser
vice/ChatService.kt:1009:29 Unresolved 
reference 'copy'.
e: file:///C:/Users/julia/Documents/GitHub/Las
tChat/app/src/main/java/me/rerere/rikkahub/ser
vice/ChatService.kt:1014:22 Unresolved 
reference 'copy'.
e: file:///C:/Users/julia/Documents/GitHub/Las
tChat/app/src/main/java/me/rerere/rikkahub/ser
vice/ChatService.kt:1025:9 Unresolved 
reference 'getGenerationJob'.
e: file:///C:/Users/julia/Documents/GitHub/Las
tChat/app/src/main/java/me/rerere/rikkahub/ser
vice/ChatService.kt:1026:9 Unresolved 
reference 'removeGenerationJob'.
e: file:///C:/Users/julia/Documents/GitHub/Las
tChat/app/src/main/java/me/rerere/rikkahub/ser
vice/ChatService.kt:1027:9 Unresolved 
reference 'conversations'.
e: file:///C:/Users/julia/Documents/GitHub/Las
tChat/app/src/main/java/me/rerere/rikkahub/ser
vice/ChatService.kt:1031:82 Unresolved 
reference 'conversationReferences'.
e: file:///C:/Users/julia/Documents/GitHub/Las
tChat/app/src/main/java/me/rerere/rikkahub/ser
vice/ChatService.kt:1031:131 Unresolved 
reference '_generationJobs'.
e: file:///C:/Users/julia/Documents/GitHub/Las
tChat/app/src/main/java/me/rerere/rikkahub/ser
vice/ChatService.kt:1034:1 Syntax error: 
Expecting a top level declaration.
e: file:///C:/Users/julia/Documents/GitHub/Las
tChat/app/src/main/java/me/rerere/rikkahub/ui/
pages/chat/ChatVM.kt:359:25 Unresolved 
reference 'saveConversation'.
e: file:///C:/Users/julia/Documents/GitHub/Las
tChat/app/src/main/java/me/rerere/rikkahub/ui/
pages/chat/ChatVM.kt:372:25 Unresolved 
reference 'saveConversation'.
e: file:///C:/Users/julia/Documents/GitHub/Las
tChat/app/src/main/java/me/rerere/rikkahub/ui/
pages/chat/ChatVM.kt:438:21 Unresolved 
reference 'saveConversation'.
e: file:///C:/Users/julia/Documents/GitHub/Las
tChat/app/src/main/java/me/rerere/rikkahub/ui/
pages/chat/ChatVM.kt:478:25 Unresolved 
reference 'saveConversation'.
e: file:///C:/Users/julia/Documents/GitHub/Las
tChat/app/src/main/java/me/rerere/rikkahub/ui/
pages/chat/ChatVM.kt:516:25 Unresolved 
reference 'saveConversation'.
e: file:///C:/Users/julia/Documents/GitHub/Las
tChat/app/src/main/java/me/rerere/rikkahub/ui/
pages/chat/ChatVM.kt:523:25 Unresolved 
reference 'saveConversation'.
e: file:///C:/Users/julia/Documents/GitHub/Las
tChat/app/src/main/java/me/rerere/rikkahub/ui/
pages/chat/ChatVM.kt:573:25 Unresolved 
reference 'saveConversation'.

FAILURE: Build failed with an exception.

* What went wrong:
Execution failed for task 
':app:compileDebugKotlin'.
> A failure occurred while executing org.jetbr
ains.kotlin.compilerRunner.GradleCompilerRunne
rWithWorkers$GradleKotlinCompilerWorkAction
   > Compilation error. See log for more 
details

* Try:
> Run with --stacktrace option to get the 
stack trace.
> Run with --info or --debug option to get 
more log output.
> Run with --scan to get full insights.
> Get more help at https://help.gradle.org.

BUILD FAILED in 4s
108 actionable tasks: 1 executed, 107 up-to-date
